.\venv\Scripts\python.exe : Traceback (most recent call last):
At line:1 char:1
+ .\venv\Scripts\python.exe -c "from agents.debugger_graph import debug ...
+ ~~~~~~~~~~~~~~~~~~~~~~~~~~~~~~~~~~~~~~~~~~~~~~~~~~~~~~~~~~~~~~~~~~~~~
    + CategoryInfo          : NotSpecified: (Traceback (most recent call last)::String) [], RemoteException
    + FullyQualifiedErrorId : NativeCommandError
 
  File "C:\Users\G Abhinaya\OneDrive\Desktop\purplemerit 
task2\backend\venv\Lib\site-packages\langchain_google_genai\chat_models.py", line 3047, in _generate
    response: GenerateContentResponse = self.client.models.generate_content(
                                        ~~~~~~~~~~~~~~~~~~~~~~~~~~~~~~~~~~~^
        **request,
        ^^^^^^^^^^
    )
    ^
  File "C:\Users\G Abhinaya\OneDrive\Desktop\purplemerit task2\backend\venv\Lib\site-packages\google\genai\models.py", 
line 6003, in generate_content
    response = self._generate_content(
        model=model, contents=contents, config=parsed_config
    )
  File "C:\Users\G Abhinaya\OneDrive\Desktop\purplemerit task2\backend\venv\Lib\site-packages\google\genai\models.py", 
line 4683, in _generate_content
    response = self._api_client.request(
        'post', path, request_dict, http_options
    )
  File "C:\Users\G Abhinaya\OneDrive\Desktop\purplemerit 
task2\backend\venv\Lib\site-packages\google\genai\_api_client.py", line 1532, in request
    response = self._request(http_request, http_options, stream=False)
  File "C:\Users\G Abhinaya\OneDrive\Desktop\purplemerit 
task2\backend\venv\Lib\site-packages\google\genai\_api_client.py", line 1325, in _request
    return retry(self._request_once, http_request, stream)  # type: ignore[no-any-return]
  File "C:\Users\G Abhinaya\OneDrive\Desktop\purplemerit task2\backend\venv\Lib\site-packages\tenacity\__init__.py", 
line 470, in __call__
    do = self.iter(retry_state=retry_state)
  File "C:\Users\G Abhinaya\OneDrive\Desktop\purplemerit task2\backend\venv\Lib\site-packages\tenacity\__init__.py", 
line 371, in iter
    result = action(retry_state)
  File "C:\Users\G Abhinaya\OneDrive\Desktop\purplemerit task2\backend\venv\Lib\site-packages\tenacity\__init__.py", 
line 413, in exc_check
    raise retry_exc.reraise()
          ~~~~~~~~~~~~~~~~~^^
  File "C:\Users\G Abhinaya\OneDrive\Desktop\purplemerit task2\backend\venv\Lib\site-packages\tenacity\__init__.py", 
line 184, in reraise
    raise self.last_attempt.result()
          ~~~~~~~~~~~~~~~~~~~~~~~~^^
  File "C:\Users\G Abhinaya\AppData\Local\Programs\Python\Python313\Lib\concurrent\futures\_base.py", line 459, in 
result
    return self.__get_result()
           ~~~~~~~~~~~~~~~~~^^
  File "C:\Users\G Abhinaya\AppData\Local\Programs\Python\Python313\Lib\concurrent\futures\_base.py", line 411, in 
__get_result
    raise self._exception
  File "C:\Users\G Abhinaya\OneDrive\Desktop\purplemerit task2\backend\venv\Lib\site-packages\tenacity\__init__.py", 
line 473, in __call__
    result = fn(*args, **kwargs)
  File "C:\Users\G Abhinaya\OneDrive\Desktop\purplemerit 
task2\backend\venv\Lib\site-packages\google\genai\_api_client.py", line 1304, in _request_once
    errors.APIError.raise_for_response(response)
    ~~~~~~~~~~~~~~~~~~~~~~~~~~~~~~~~~~^^^^^^^^^^
  File "C:\Users\G Abhinaya\OneDrive\Desktop\purplemerit task2\backend\venv\Lib\site-packages\google\genai\errors.py", 
line 155, in raise_for_response
    cls.raise_error(response.status_code, response_json, response)
    ~~~~~~~~~~~~~~~^^^^^^^^^^^^^^^^^^^^^^^^^^^^^^^^^^^^^^^^^^^^^^^
  File "C:\Users\G Abhinaya\OneDrive\Desktop\purplemerit task2\backend\venv\Lib\site-packages\google\genai\errors.py", 
line 184, in raise_error
    raise ClientError(status_code, response_json, response)
google.genai.errors.ClientError: 429 RESOURCE_EXHAUSTED. {'error': {'code': 429, 'message': 'You exceeded your current 
quota, please check your plan and billing details. For more information on this error, head to: 
https://ai.google.dev/gemini-api/docs/rate-limits. To monitor your current usage, head to: https://ai.dev/rate-limit. 
\n* Quota exceeded for metric: generativelanguage.googleapis.com/generate_content_free_tier_input_token_count, limit: 
0, model: gemini-3.1-pro\n* Quota exceeded for metric: 
generativelanguage.googleapis.com/generate_content_free_tier_input_token_count, limit: 0, model: gemini-3.1-pro\n* 
Quota exceeded for metric: generativelanguage.googleapis.com/generate_content_free_tier_requests, limit: 0, model: 
gemini-3.1-pro\n* Quota exceeded for metric: generativelanguage.googleapis.com/generate_content_free_tier_requests, 
limit: 0, model: gemini-3.1-pro\nPlease retry in 35.941357873s.', 'status': 'RESOURCE_EXHAUSTED', 'details': 
[{'@type': 'type.googleapis.com/google.rpc.Help', 'links': [{'description': 'Learn more about Gemini API quotas', 
'url': 'https://ai.google.dev/gemini-api/docs/rate-limits'}]}, {'@type': 
'type.googleapis.com/google.rpc.QuotaFailure', 'violations': [{'quotaMetric': 
'generativelanguage.googleapis.com/generate_content_free_tier_input_token_count', 'quotaId': 
'GenerateContentInputTokensPerModelPerDay-FreeTier', 'quotaDimensions': {'model': 'gemini-3.1-pro', 'location': 
'global'}}, {'quotaMetric': 'generativelanguage.googleapis.com/generate_content_free_tier_input_token_count', 
'quotaId': 'GenerateContentInputTokensPerModelPerMinute-FreeTier', 'quotaDimensions': {'location': 'global', 'model': 
'gemini-3.1-pro'}}, {'quotaMetric': 'generativelanguage.googleapis.com/generate_content_free_tier_requests', 
'quotaId': 'GenerateRequestsPerMinutePerProjectPerModel-FreeTier', 'quotaDimensions': {'location': 'global', 'model': 
'gemini-3.1-pro'}}, {'quotaMetric': 'generativelanguage.googleapis.com/generate_content_free_tier_requests', 
'quotaId': 'GenerateRequestsPerDayPerProjectPerModel-FreeTier', 'quotaDimensions': {'location': 'global', 'model': 
'gemini-3.1-pro'}}]}, {'@type': 'type.googleapis.com/google.rpc.RetryInfo', 'retryDelay': '35s'}]}}

The above exception was the direct cause of the following exception:

Traceback (most recent call last):
  File "<string>", line 1, in <module>
    from agents.debugger_graph import debugger_app; initial_state = {'bug_report': 'crash when string given to int', 
'logs': 'TypeError', 'repro_attempts': 0, 'max_repro_attempts': 3, 'agent_traces': []}; res = 
list(debugger_app.stream(initial_state))
                                                                                                                       
                                                                                            
~~~~^^^^^^^^^^^^^^^^^^^^^^^^^^^^^^^^^^^^
  File "C:\Users\G Abhinaya\OneDrive\Desktop\purplemerit 
task2\backend\venv\Lib\site-packages\langgraph\pregel\main.py", line 2736, in stream
    for _ in runner.tick(
             ~~~~~~~~~~~^
        [t for t in loop.tasks.values() if not t.writes],
        ^^^^^^^^^^^^^^^^^^^^^^^^^^^^^^^^^^^^^^^^^^^^^^^^^
    ...<2 lines>...
        schedule_task=loop.accept_push,
        ^^^^^^^^^^^^^^^^^^^^^^^^^^^^^^^
    ):
    ^
  File "C:\Users\G Abhinaya\OneDrive\Desktop\purplemerit 
task2\backend\venv\Lib\site-packages\langgraph\pregel\_runner.py", line 167, in tick
    run_with_retry(
    ~~~~~~~~~~~~~~^
        t,
        ^^
    ...<10 lines>...
        },
        ^^
    )
    ^
  File "C:\Users\G Abhinaya\OneDrive\Desktop\purplemerit 
task2\backend\venv\Lib\site-packages\langgraph\pregel\_retry.py", line 126, in run_with_retry
    return task.proc.invoke(task.input, config)
           ~~~~~~~~~~~~~~~~^^^^^^^^^^^^^^^^^^^^
  File "C:\Users\G Abhinaya\OneDrive\Desktop\purplemerit 
task2\backend\venv\Lib\site-packages\langgraph\_internal\_runnable.py", line 656, in invoke
    input = context.run(step.invoke, input, config, **kwargs)
  File "C:\Users\G Abhinaya\OneDrive\Desktop\purplemerit 
task2\backend\venv\Lib\site-packages\langgraph\_internal\_runnable.py", line 400, in invoke
    ret = self.func(*args, **kwargs)
  File "C:\Users\G Abhinaya\OneDrive\Desktop\purplemerit task2\backend\agents\debugger_graph.py", line 35, in 
triage_agent
    summary = chain.invoke({"bug_report": state["bug_report"], "logs": state["logs"]})
  File "C:\Users\G Abhinaya\OneDrive\Desktop\purplemerit 
task2\backend\venv\Lib\site-packages\langchain_core\runnables\base.py", line 3157, in invoke
    input_ = context.run(step.invoke, input_, config)
  File "C:\Users\G Abhinaya\OneDrive\Desktop\purplemerit 
task2\backend\venv\Lib\site-packages\langchain_google_genai\chat_models.py", line 2535, in invoke
    return super().invoke(input, config, stop=stop, **kwargs)
           ~~~~~~~~~~~~~~^^^^^^^^^^^^^^^^^^^^^^^^^^^^^^^^^^^^
  File "C:\Users\G Abhinaya\OneDrive\Desktop\purplemerit 
task2\backend\venv\Lib\site-packages\langchain_core\language_models\chat_models.py", line 454, in invoke
    self.generate_prompt(
    ~~~~~~~~~~~~~~~~~~~~^
        [self._convert_input(input)],
        ^^^^^^^^^^^^^^^^^^^^^^^^^^^^^
    ...<6 lines>...
        **kwargs,
        ^^^^^^^^^
    ).generations[0][0],
    ^
  File "C:\Users\G Abhinaya\OneDrive\Desktop\purplemerit 
task2\backend\venv\Lib\site-packages\langchain_core\language_models\chat_models.py", line 1185, in generate_prompt
    return self.generate(prompt_messages, stop=stop, callbacks=callbacks, **kwargs)
           ~~~~~~~~~~~~~^^^^^^^^^^^^^^^^^^^^^^^^^^^^^^^^^^^^^^^^^^^^^^^^^^^^^^^^^^^
  File "C:\Users\G Abhinaya\OneDrive\Desktop\purplemerit 
task2\backend\venv\Lib\site-packages\langchain_core\language_models\chat_models.py", line 995, in generate
    self._generate_with_cache(
    ~~~~~~~~~~~~~~~~~~~~~~~~~^
        m,
        ^^
    ...<2 lines>...
        **kwargs,
        ^^^^^^^^^
    )
    ^
  File "C:\Users\G Abhinaya\OneDrive\Desktop\purplemerit 
task2\backend\venv\Lib\site-packages\langchain_core\language_models\chat_models.py", line 1297, in _generate_with_cache
    result = self._generate(
        messages, stop=stop, run_manager=run_manager, **kwargs
    )
  File "C:\Users\G Abhinaya\OneDrive\Desktop\purplemerit 
task2\backend\venv\Lib\site-packages\langchain_google_genai\chat_models.py", line 3051, in _generate
    _handle_client_error(e, request)
    ~~~~~~~~~~~~~~~~~~~~^^^^^^^^^^^^
  File "C:\Users\G Abhinaya\OneDrive\Desktop\purplemerit 
task2\backend\venv\Lib\site-packages\langchain_google_genai\chat_models.py", line 145, in _handle_client_error
    raise ChatGoogleGenerativeAIError(msg) from e
langchain_google_genai.chat_models.ChatGoogleGenerativeAIError: Error calling model 'gemini-pro-latest' 
(RESOURCE_EXHAUSTED): 429 RESOURCE_EXHAUSTED. {'error': {'code': 429, 'message': 'You exceeded your current quota, 
please check your plan and billing details. For more information on this error, head to: 
https://ai.google.dev/gemini-api/docs/rate-limits. To monitor your current usage, head to: https://ai.dev/rate-limit. 
\n* Quota exceeded for metric: generativelanguage.googleapis.com/generate_content_free_tier_input_token_count, limit: 
0, model: gemini-3.1-pro\n* Quota exceeded for metric: 
generativelanguage.googleapis.com/generate_content_free_tier_input_token_count, limit: 0, model: gemini-3.1-pro\n* 
Quota exceeded for metric: generativelanguage.googleapis.com/generate_content_free_tier_requests, limit: 0, model: 
gemini-3.1-pro\n* Quota exceeded for metric: generativelanguage.googleapis.com/generate_content_free_tier_requests, 
limit: 0, model: gemini-3.1-pro\nPlease retry in 35.941357873s.', 'status': 'RESOURCE_EXHAUSTED', 'details': 
[{'@type': 'type.googleapis.com/google.rpc.Help', 'links': [{'description': 'Learn more about Gemini API quotas', 
'url': 'https://ai.google.dev/gemini-api/docs/rate-limits'}]}, {'@type': 
'type.googleapis.com/google.rpc.QuotaFailure', 'violations': [{'quotaMetric': 
'generativelanguage.googleapis.com/generate_content_free_tier_input_token_count', 'quotaId': 
'GenerateContentInputTokensPerModelPerDay-FreeTier', 'quotaDimensions': {'model': 'gemini-3.1-pro', 'location': 
'global'}}, {'quotaMetric': 'generativelanguage.googleapis.com/generate_content_free_tier_input_token_count', 
'quotaId': 'GenerateContentInputTokensPerModelPerMinute-FreeTier', 'quotaDimensions': {'location': 'global', 'model': 
'gemini-3.1-pro'}}, {'quotaMetric': 'generativelanguage.googleapis.com/generate_content_free_tier_requests', 
'quotaId': 'GenerateRequestsPerMinutePerProjectPerModel-FreeTier', 'quotaDimensions': {'location': 'global', 'model': 
'gemini-3.1-pro'}}, {'quotaMetric': 'generativelanguage.googleapis.com/generate_content_free_tier_requests', 
'quotaId': 'GenerateRequestsPerDayPerProjectPerModel-FreeTier', 'quotaDimensions': {'location': 'global', 'model': 
'gemini-3.1-pro'}}]}, {'@type': 'type.googleapis.com/google.rpc.RetryInfo', 'retryDelay': '35s'}]}}
During task with name 'triage_agent' and id '61b8e6fd-0ab0-b00a-46e1-5ed0de5e8cba'
